12:07:42 **** Build of configuration Debug for project HelloWorld ****
make all 
'Building file: ../src/main.cc'
'Invoking: MicroBlaze g++ compiler'
mb-g++ -Wall -O0 -g3 -c -fmessage-length=0 -MT"src/main.o" -I../../HelloWorld_bsp/microblaze_0/include -mlittle-endian -mcpu=v11.0 -mxl-soft-mul -Wl,--no-relax -ffunction-sections -fdata-sections -MMD -MP -MF"src/main.d" -MT"src/main.o" -o "src/main.o" "../src/main.cc"
'Finished building: ../src/main.cc'
' '
'Building target: HelloWorld.elf'
'Invoking: MicroBlaze g++ linker'
mb-g++ -Wl,-T -Wl,../src/lscript.ld -L../../HelloWorld_bsp/microblaze_0/lib -mlittle-endian -mcpu=v11.0 -mxl-soft-mul -Wl,--no-relax -Wl,--gc-sections -o "HelloWorld.elf"  ./src/main.o   -Wl,--start-group,-lxil,-lgcc,-lc,-lstdc++,--end-group
'Finished building target: HelloWorld.elf'
' '
'Invoking: MicroBlaze Print Size'
mb-size HelloWorld.elf  |tee "HelloWorld.elf.size"
   text	   data	    bss	    dec	    hex	filename
   1932	    268	   3112	   5312	   14c0	HelloWorld.elf
'Finished building: HelloWorld.elf.size'
' '

12:07:44 Build Finished (took 2s.473ms)

